autodl-container-b4b04ea4f2-de57e8b8:7530:7530 [0] NCCL INFO ENV/Plugin: Could not find: libnccl-env.so
autodl-container-b4b04ea4f2-de57e8b8:7530:7530 [0] NCCL INFO cudaDriverVersion 13020
autodl-container-b4b04ea4f2-de57e8b8:7530:7530 [0] NCCL INFO NCCL version 2.29.7+cuda13.2
autodl-container-b4b04ea4f2-de57e8b8:7530:7530 [0] NCCL INFO NCCL git version stable b81d6a5a3
autodl-container-b4b04ea4f2-de57e8b8:7531:7531 [1] NCCL INFO ENV/Plugin: Could not find: libnccl-env.so
autodl-container-b4b04ea4f2-de57e8b8:7531:7531 [1] NCCL INFO cudaDriverVersion 13020
autodl-container-b4b04ea4f2-de57e8b8:7531:7531 [1] NCCL INFO NCCL version 2.29.7+cuda13.2
autodl-container-b4b04ea4f2-de57e8b8:7531:7531 [1] NCCL INFO NCCL git version stable b81d6a5a3
autodl-container-b4b04ea4f2-de57e8b8:7530:7530 [0] NCCL INFO NET/Plugin: Could not find: libnccl-net.so
autodl-container-b4b04ea4f2-de57e8b8:7530:7530 [0] NCCL INFO dlvsym failed on mlx5dv_get_data_direct_sysfs_path - /usr/lib/x86_64-linux-gnu/libmlx5.so.1: undefined symbol: mlx5dv_get_data_direct_sysfs_path, version MLX5_1.25 version MLX5_1.25
autodl-container-b4b04ea4f2-de57e8b8:7530:7530 [0] NCCL INFO dlvsym failed on mlx5dv_reg_dmabuf_mr - /usr/lib/x86_64-linux-gnu/libmlx5.so.1: undefined symbol: mlx5dv_reg_dmabuf_mr, version MLX5_1.25 version MLX5_1.25
autodl-container-b4b04ea4f2-de57e8b8:7530:7530 [0] NCCL INFO NET/IB : No device found.
autodl-container-b4b04ea4f2-de57e8b8:7530:7530 [0] NCCL INFO NET/IB : Using [RO]; OOB eth0:172.17.0.5<0>
autodl-container-b4b04ea4f2-de57e8b8:7530:7530 [0] NCCL INFO Failed to initialize NET plugin IB
autodl-container-b4b04ea4f2-de57e8b8:7530:7530 [0] NCCL INFO NET/Socket : Using [0]eth0:172.17.0.5<0>
autodl-container-b4b04ea4f2-de57e8b8:7530:7530 [0] NCCL INFO Initialized NET plugin Socket
autodl-container-b4b04ea4f2-de57e8b8:7530:7530 [0] NCCL INFO Assigned NET plugin Socket to comm
autodl-container-b4b04ea4f2-de57e8b8:7530:7530 [0] NCCL INFO GIN/Plugin: Could not find: libnccl-gin.so
autodl-container-b4b04ea4f2-de57e8b8:7530:7530 [0] NCCL INFO Failed to initialize any GIN plugin
autodl-container-b4b04ea4f2-de57e8b8:7530:7530 [0] NCCL INFO Using network Socket
autodl-container-b4b04ea4f2-de57e8b8:7531:7531 [1] NCCL INFO NET/Plugin: Could not find: libnccl-net.so
autodl-container-b4b04ea4f2-de57e8b8:7531:7531 [1] NCCL INFO dlvsym failed on mlx5dv_get_data_direct_sysfs_path - /usr/lib/x86_64-linux-gnu/libmlx5.so.1: undefined symbol: mlx5dv_get_data_direct_sysfs_path, version MLX5_1.25 version MLX5_1.25
autodl-container-b4b04ea4f2-de57e8b8:7531:7531 [1] NCCL INFO dlvsym failed on mlx5dv_reg_dmabuf_mr - /usr/lib/x86_64-linux-gnu/libmlx5.so.1: undefined symbol: mlx5dv_reg_dmabuf_mr, version MLX5_1.25 version MLX5_1.25
autodl-container-b4b04ea4f2-de57e8b8:7531:7531 [1] NCCL INFO NET/IB : No device found.
autodl-container-b4b04ea4f2-de57e8b8:7531:7531 [1] NCCL INFO NET/IB : Using [RO]; OOB eth0:172.17.0.5<0>
autodl-container-b4b04ea4f2-de57e8b8:7531:7531 [1] NCCL INFO Failed to initialize NET plugin IB
autodl-container-b4b04ea4f2-de57e8b8:7531:7531 [1] NCCL INFO NET/Socket : Using [0]eth0:172.17.0.5<0>
autodl-container-b4b04ea4f2-de57e8b8:7531:7531 [1] NCCL INFO Initialized NET plugin Socket
autodl-container-b4b04ea4f2-de57e8b8:7531:7531 [1] NCCL INFO Assigned NET plugin Socket to comm
autodl-container-b4b04ea4f2-de57e8b8:7531:7531 [1] NCCL INFO GIN/Plugin: Could not find: libnccl-gin.so
autodl-container-b4b04ea4f2-de57e8b8:7531:7531 [1] NCCL INFO Failed to initialize any GIN plugin
autodl-container-b4b04ea4f2-de57e8b8:7531:7531 [1] NCCL INFO Using network Socket
autodl-container-b4b04ea4f2-de57e8b8:7530:7530 [0] NCCL INFO [Rank 0] ncclCommInitRankConfig comm 0xac68810 rank 0 nranks 2 cudaDev 0 nvmlDev 0 busId 1000 commId 0x8e9d2875193359e8 - Init START
autodl-container-b4b04ea4f2-de57e8b8:7531:7531 [1] NCCL INFO [Rank 1] ncclCommInitRankConfig comm 0xa47b070 rank 1 nranks 2 cudaDev 1 nvmlDev 1 busId e1000 commId 0x8e9d2875193359e8 - Init START
autodl-container-b4b04ea4f2-de57e8b8:7531:7531 [1] NCCL INFO RAS client listening socket at 127.0.0.1<28028>
autodl-container-b4b04ea4f2-de57e8b8:7530:7530 [0] NCCL INFO RAS client listening socket at 127.0.0.1<28028>
autodl-container-b4b04ea4f2-de57e8b8:7531:7531 [1] NCCL INFO TOPO/NET : Importing network plugins to topology
autodl-container-b4b04ea4f2-de57e8b8:7530:7530 [0] NCCL INFO TOPO/NET : Importing network plugins to topology
autodl-container-b4b04ea4f2-de57e8b8:7531:7531 [1] NCCL INFO NET/Socket : GPU Direct RDMA Disabled for HCA 0 'eth0'
autodl-container-b4b04ea4f2-de57e8b8:7531:7531 [1] NCCL INFO ncclTopoPopulateNics : Filled eth0 in topo with pciPath=(null) net=1 gin=(null) keep=1 coll=(null)
autodl-container-b4b04ea4f2-de57e8b8:7530:7530 [0] NCCL INFO NET/Socket : GPU Direct RDMA Disabled for HCA 0 'eth0'
autodl-container-b4b04ea4f2-de57e8b8:7530:7530 [0] NCCL INFO ncclTopoPopulateNics : Filled eth0 in topo with pciPath=(null) net=1 gin=(null) keep=1 coll=(null)
autodl-container-b4b04ea4f2-de57e8b8:7531:7531 [1] NCCL INFO === System : maxBw 16.0 totalBw 24.0 ===
autodl-container-b4b04ea4f2-de57e8b8:7531:7531 [1] NCCL INFO CPU/0-0 (1/2/-1)
autodl-container-b4b04ea4f2-de57e8b8:7531:7531 [1] NCCL INFO + PCI[5000.0] - NIC/0-0
autodl-container-b4b04ea4f2-de57e8b8:7531:7531 [1] NCCL INFO                 + NET[1.2] - NET/0-0 (0/0/0/1.250000)
autodl-container-b4b04ea4f2-de57e8b8:7531:7531 [1] NCCL INFO                 + NET[1.2] - NET/0-0 (0/0/0/1.250000)
autodl-container-b4b04ea4f2-de57e8b8:7531:7531 [1] NCCL INFO + PCI[24.0] - GPU/0-1000 (0)
autodl-container-b4b04ea4f2-de57e8b8:7531:7531 [1] NCCL INFO + SYS[16.0] - CPU/0-1
autodl-container-b4b04ea4f2-de57e8b8:7531:7531 [1] NCCL INFO CPU/0-1 (1/2/-1)
autodl-container-b4b04ea4f2-de57e8b8:7531:7531 [1] NCCL INFO + PCI[24.0] - GPU/0-e1000 (1)
autodl-container-b4b04ea4f2-de57e8b8:7531:7531 [1] NCCL INFO + SYS[16.0] - CPU/0-0
autodl-container-b4b04ea4f2-de57e8b8:7531:7531 [1] NCCL INFO ==========================================
autodl-container-b4b04ea4f2-de57e8b8:7531:7531 [1] NCCL INFO GPU/0-1000 :GPU/0-1000 (0/5000.0/LOC) GPU/0-e1000 (3/16.0/SYS) CPU/0-0 (1/24.0/PHB) CPU/0-1 (2/16.0/SYS) NET/0-0 (3/1.2/PHB) NET/0-0 (0/0.0/DIS) 
autodl-container-b4b04ea4f2-de57e8b8:7531:7531 [1] NCCL INFO GPU/0-e1000 :GPU/0-1000 (3/16.0/SYS) GPU/0-e1000 (0/5000.0/LOC) CPU/0-0 (2/16.0/SYS) CPU/0-1 (1/24.0/PHB) NET/0-0 (4/1.2/SYS) NET/0-0 (0/0.0/DIS) 
autodl-container-b4b04ea4f2-de57e8b8:7531:7531 [1] NCCL INFO NET/0-0 :GPU/0-1000 (3/1.2/PHB) GPU/0-e1000 (4/1.2/SYS) CPU/0-0 (2/1.2/PHB) CPU/0-1 (3/1.2/SYS) NET/0-0 (0/5000.0/LOC) NET/0-0 (0/0.0/DIS) 
autodl-container-b4b04ea4f2-de57e8b8:7531:7531 [1] NCCL INFO NET/0-0 :GPU/0-1000 (3/1.2/PHB) GPU/0-e1000 (4/1.2/SYS) CPU/0-0 (2/1.2/PHB) CPU/0-1 (3/1.2/SYS) NET/0-0 (0/5000.0/LOC) NET/0-0 (0/0.0/DIS) 
autodl-container-b4b04ea4f2-de57e8b8:7531:7531 [1] NCCL INFO ncclTopoGetCpuAffinity: Affinity for GPU 1 is 48-95,144-191. (GPU affinity = 48-95,144-191 ; CPU affinity = 0-191).
autodl-container-b4b04ea4f2-de57e8b8:7531:7531 [1] NCCL INFO NVLS multicast support is not available on dev 1 (NVLS_NCHANNELS 0)
autodl-container-b4b04ea4f2-de57e8b8:7531:7531 [1] NCCL INFO Pattern 4, crossNic 0, nChannels 1, bw 15.000000/15.000000, type SYS/PIX, sameChannels 1
autodl-container-b4b04ea4f2-de57e8b8:7531:7531 [1] NCCL INFO  0 : GPU/0-1000 GPU/0-e1000
autodl-container-b4b04ea4f2-de57e8b8:7531:7531 [1] NCCL INFO Pattern 1, crossNic 0, nChannels 1, bw 15.000000/15.000000, type SYS/PIX, sameChannels 1
autodl-container-b4b04ea4f2-de57e8b8:7531:7531 [1] NCCL INFO  0 : GPU/0-1000 GPU/0-e1000
autodl-container-b4b04ea4f2-de57e8b8:7530:7530 [0] NCCL INFO === System : maxBw 16.0 totalBw 24.0 ===
autodl-container-b4b04ea4f2-de57e8b8:7530:7530 [0] NCCL INFO CPU/0-0 (1/2/-1)
autodl-container-b4b04ea4f2-de57e8b8:7530:7530 [0] NCCL INFO + PCI[5000.0] - NIC/0-0
autodl-container-b4b04ea4f2-de57e8b8:7530:7530 [0] NCCL INFO                 + NET[1.2] - NET/0-0 (0/0/0/1.250000)
autodl-container-b4b04ea4f2-de57e8b8:7530:7530 [0] NCCL INFO                 + NET[1.2] - NET/0-0 (0/0/0/1.250000)
autodl-container-b4b04ea4f2-de57e8b8:7530:7530 [0] NCCL INFO + PCI[24.0] - GPU/0-1000 (0)
autodl-container-b4b04ea4f2-de57e8b8:7530:7530 [0] NCCL INFO + SYS[16.0] - CPU/0-1
autodl-container-b4b04ea4f2-de57e8b8:7530:7530 [0] NCCL INFO CPU/0-1 (1/2/-1)
autodl-container-b4b04ea4f2-de57e8b8:7530:7530 [0] NCCL INFO + PCI[24.0] - GPU/0-e1000 (1)
autodl-container-b4b04ea4f2-de57e8b8:7530:7530 [0] NCCL INFO + SYS[16.0] - CPU/0-0
autodl-container-b4b04ea4f2-de57e8b8:7530:7530 [0] NCCL INFO ==========================================
autodl-container-b4b04ea4f2-de57e8b8:7530:7530 [0] NCCL INFO GPU/0-1000 :GPU/0-1000 (0/5000.0/LOC) GPU/0-e1000 (3/16.0/SYS) CPU/0-0 (1/24.0/PHB) CPU/0-1 (2/16.0/SYS) NET/0-0 (3/1.2/PHB) NET/0-0 (0/0.0/DIS) 
autodl-container-b4b04ea4f2-de57e8b8:7530:7530 [0] NCCL INFO GPU/0-e1000 :GPU/0-1000 (3/16.0/SYS) GPU/0-e1000 (0/5000.0/LOC) CPU/0-0 (2/16.0/SYS) CPU/0-1 (1/24.0/PHB) NET/0-0 (4/1.2/SYS) NET/0-0 (0/0.0/DIS) 
autodl-container-b4b04ea4f2-de57e8b8:7530:7530 [0] NCCL INFO NET/0-0 :GPU/0-1000 (3/1.2/PHB) GPU/0-e1000 (4/1.2/SYS) CPU/0-0 (2/1.2/PHB) CPU/0-1 (3/1.2/SYS) NET/0-0 (0/5000.0/LOC) NET/0-0 (0/0.0/DIS) 
autodl-container-b4b04ea4f2-de57e8b8:7530:7530 [0] NCCL INFO NET/0-0 :GPU/0-1000 (3/1.2/PHB) GPU/0-e1000 (4/1.2/SYS) CPU/0-0 (2/1.2/PHB) CPU/0-1 (3/1.2/SYS) NET/0-0 (0/5000.0/LOC) NET/0-0 (0/0.0/DIS) 
autodl-container-b4b04ea4f2-de57e8b8:7530:7530 [0] NCCL INFO ncclTopoGetCpuAffinity: Affinity for GPU 0 is 0-47,96-143. (GPU affinity = 0-47,96-143 ; CPU affinity = 0-191).
autodl-container-b4b04ea4f2-de57e8b8:7530:7530 [0] NCCL INFO NVLS multicast support is not available on dev 0 (NVLS_NCHANNELS 0)
autodl-container-b4b04ea4f2-de57e8b8:7530:7530 [0] NCCL INFO Pattern 4, crossNic 0, nChannels 1, bw 15.000000/15.000000, type SYS/PIX, sameChannels 1
autodl-container-b4b04ea4f2-de57e8b8:7530:7530 [0] NCCL INFO  0 : GPU/0-1000 GPU/0-e1000
autodl-container-b4b04ea4f2-de57e8b8:7530:7530 [0] NCCL INFO Pattern 1, crossNic 0, nChannels 1, bw 15.000000/15.000000, type SYS/PIX, sameChannels 1
autodl-container-b4b04ea4f2-de57e8b8:7530:7530 [0] NCCL INFO  0 : GPU/0-1000 GPU/0-e1000
autodl-container-b4b04ea4f2-de57e8b8:7531:7531 [1] NCCL INFO comm 0xa47b070 rank 1 nRanks 2 nNodes 1 localRanks 2 localRank 1 MNNVL 0
autodl-container-b4b04ea4f2-de57e8b8:7530:7530 [0] NCCL INFO comm 0xac68810 rank 0 nRanks 2 nNodes 1 localRanks 2 localRank 0 MNNVL 0
autodl-container-b4b04ea4f2-de57e8b8:7531:7531 [1] NCCL INFO Tree 0 : 0 -> 1 -> -1/-1/-1
autodl-container-b4b04ea4f2-de57e8b8:7531:7531 [1] NCCL INFO Tree 1 : 0 -> 1 -> -1/-1/-1
autodl-container-b4b04ea4f2-de57e8b8:7530:7530 [0] NCCL INFO Tree 0 : -1 -> 0 -> 1/-1/-1
autodl-container-b4b04ea4f2-de57e8b8:7530:7530 [0] NCCL INFO Tree 1 : -1 -> 0 -> 1/-1/-1
autodl-container-b4b04ea4f2-de57e8b8:7531:7531 [1] NCCL INFO Ring 00 : 0 -> 1 -> 0
autodl-container-b4b04ea4f2-de57e8b8:7531:7531 [1] NCCL INFO Ring 01 : 0 -> 1 -> 0
autodl-container-b4b04ea4f2-de57e8b8:7531:7531 [1] NCCL INFO Trees [0] -1/-1/-1->1->0 [1] -1/-1/-1->1->0
autodl-container-b4b04ea4f2-de57e8b8:7530:7530 [0] NCCL INFO Channel 00/02 : 0 1
autodl-container-b4b04ea4f2-de57e8b8:7531:7531 [1] NCCL INFO P2P Chunksize set to 131072
autodl-container-b4b04ea4f2-de57e8b8:7530:7530 [0] NCCL INFO Channel 01/02 : 0 1
autodl-container-b4b04ea4f2-de57e8b8:7530:7530 [0] NCCL INFO Ring 00 : 1 -> 0 -> 1
autodl-container-b4b04ea4f2-de57e8b8:7530:7530 [0] NCCL INFO Ring 01 : 1 -> 0 -> 1
autodl-container-b4b04ea4f2-de57e8b8:7530:7530 [0] NCCL INFO Trees [0] 1/-1/-1->0->-1 [1] 1/-1/-1->0->-1
autodl-container-b4b04ea4f2-de57e8b8:7530:7530 [0] NCCL INFO P2P Chunksize set to 131072
autodl-container-b4b04ea4f2-de57e8b8:7531:7531 [1] NCCL INFO PROFILER/Plugin: Could not find: libnccl-profiler.so
autodl-container-b4b04ea4f2-de57e8b8:7531:7531 [1] NCCL INFO Check P2P Type isAllDirectP2p 0 directMode 0 isAllCudaP2p 0
autodl-container-b4b04ea4f2-de57e8b8:7530:7530 [0] NCCL INFO PROFILER/Plugin: Could not find: libnccl-profiler.so
autodl-container-b4b04ea4f2-de57e8b8:7530:7530 [0] NCCL INFO Check P2P Type isAllDirectP2p 0 directMode 0 isAllCudaP2p 0
autodl-container-b4b04ea4f2-de57e8b8:7531:7531 [1] NCCL INFO ncclP2pSchedule: group size used is 2
autodl-container-b4b04ea4f2-de57e8b8:7531:7640 [0] NCCL INFO [Proxy Service] Device 1 CPU core 186
autodl-container-b4b04ea4f2-de57e8b8:7531:7642 [0] NCCL INFO [Proxy Service UDS] Device 1 CPU core 82
autodl-container-b4b04ea4f2-de57e8b8:7530:7641 [0] NCCL INFO [Proxy Service] Device 0 CPU core 38
autodl-container-b4b04ea4f2-de57e8b8:7530:7530 [0] NCCL INFO ncclP2pSchedule: group size used is 2
autodl-container-b4b04ea4f2-de57e8b8:7530:7643 [0] NCCL INFO [Proxy Service UDS] Device 0 CPU core 102
autodl-container-b4b04ea4f2-de57e8b8:7531:7531 [1] NCCL INFO TUNER/Plugin: Could not find: libnccl-tuner.so
autodl-container-b4b04ea4f2-de57e8b8:7531:7531 [1] NCCL INFO threadThresholds 8/8/64 | 16/8/64 | 512 | 512
autodl-container-b4b04ea4f2-de57e8b8:7531:7531 [1] NCCL INFO 2 coll channels, 2 collnet channels, 0 nvls channels, 2 p2p channels, 2 p2p channels per peer
autodl-container-b4b04ea4f2-de57e8b8:7531:7531 [1] NCCL INFO Symmetric memory is not supported. cuMemEnable 1, globalGinSupport 0, globalNicFused 0 cuMemGdrSupport 0
autodl-container-b4b04ea4f2-de57e8b8:7530:7530 [0] NCCL INFO TUNER/Plugin: Could not find: libnccl-tuner.so
autodl-container-b4b04ea4f2-de57e8b8:7530:7530 [0] NCCL INFO threadThresholds 8/8/64 | 16/8/64 | 512 | 512
autodl-container-b4b04ea4f2-de57e8b8:7530:7530 [0] NCCL INFO 2 coll channels, 2 collnet channels, 0 nvls channels, 2 p2p channels, 2 p2p channels per peer
autodl-container-b4b04ea4f2-de57e8b8:7530:7530 [0] NCCL INFO Symmetric memory is not supported. cuMemEnable 1, globalGinSupport 0, globalNicFused 0 cuMemGdrSupport 0
autodl-container-b4b04ea4f2-de57e8b8:7530:7530 [0] NCCL INFO CC Off, workFifoBytes 1048576
autodl-container-b4b04ea4f2-de57e8b8:7531:7531 [1] NCCL INFO ncclCommInitRankConfig comm 0xa47b070 rank 1 nranks 2 cudaDev 1 nvmlDev 1 busId e1000 commId 0x8e9d2875193359e8 - Init COMPLETE
autodl-container-b4b04ea4f2-de57e8b8:7531:7531 [1] NCCL INFO Init timings - ncclCommInitRankConfig: rank 1 nranks 2 total 0.26 (kernels 0.14, alloc 0.04, bootstrap 0.00, allgathers 0.00, topo 0.06, graphs 0.00, connections 0.00, rest 0.00)
autodl-container-b4b04ea4f2-de57e8b8:7530:7530 [0] NCCL INFO ncclCommInitRankConfig comm 0xac68810 rank 0 nranks 2 cudaDev 0 nvmlDev 0 busId 1000 commId 0x8e9d2875193359e8 - Init COMPLETE
autodl-container-b4b04ea4f2-de57e8b8:7530:7530 [0] NCCL INFO Init timings - ncclCommInitRankConfig: rank 0 nranks 2 total 0.28 (kernels 0.15, alloc 0.04, bootstrap 0.02, allgathers 0.00, topo 0.06, graphs 0.00, connections 0.00, rest 0.00)
autodl-container-b4b04ea4f2-de57e8b8:7531:7640 [1] NCCL INFO New proxy recv connection 0 from local rank 1, transport 1
autodl-container-b4b04ea4f2-de57e8b8:7531:7531 [1] NCCL INFO Connected to proxy localRank 1 -> connection 0x7f7be0004fa0
autodl-container-b4b04ea4f2-de57e8b8:7531:7640 [1] NCCL INFO CUMEM allocated shareable buffer 0x7f7c1a400000 size 9637888
autodl-container-b4b04ea4f2-de57e8b8:7531:7640 [1] NCCL INFO New proxy recv connection 1 from local rank 1, transport 1
autodl-container-b4b04ea4f2-de57e8b8:7531:7531 [1] NCCL INFO Connected to proxy localRank 1 -> connection 0x7f7be0005028
autodl-container-b4b04ea4f2-de57e8b8:7530:7641 [0] NCCL INFO New proxy recv connection 0 from local rank 0, transport 1
autodl-container-b4b04ea4f2-de57e8b8:7530:7530 [0] NCCL INFO Connected to proxy localRank 0 -> connection 0x7f7b94004fa0
autodl-container-b4b04ea4f2-de57e8b8:7531:7640 [1] NCCL INFO CUMEM allocated shareable buffer 0x7f7c1ae00000 size 9637888
autodl-container-b4b04ea4f2-de57e8b8:7531:7640 [1] NCCL INFO New proxy send connection 2 from local rank 1, transport 1
autodl-container-b4b04ea4f2-de57e8b8:7531:7531 [1] NCCL INFO Connected to proxy localRank 1 -> connection 0x7f7be00050b0
autodl-container-b4b04ea4f2-de57e8b8:7530:7641 [0] NCCL INFO CUMEM allocated shareable buffer 0x7f7bce400000 size 9637888
autodl-container-b4b04ea4f2-de57e8b8:7530:7641 [0] NCCL INFO New proxy recv connection 1 from local rank 0, transport 1
autodl-container-b4b04ea4f2-de57e8b8:7530:7530 [0] NCCL INFO Connected to proxy localRank 0 -> connection 0x7f7b94005028
autodl-container-b4b04ea4f2-de57e8b8:7531:7640 [1] NCCL INFO CUMEM allocated shareable buffer 0x7f7c1b800000 size 4096
autodl-container-b4b04ea4f2-de57e8b8:7531:7531 [1] NCCL INFO Channel 00 : 1[1] -> 0[0] via SHM/direct/direct
autodl-container-b4b04ea4f2-de57e8b8:7531:7640 [1] NCCL INFO New proxy send connection 3 from local rank 1, transport 1
autodl-container-b4b04ea4f2-de57e8b8:7531:7531 [1] NCCL INFO Connected to proxy localRank 1 -> connection 0x7f7be0005138
autodl-container-b4b04ea4f2-de57e8b8:7530:7641 [0] NCCL INFO CUMEM allocated shareable buffer 0x7f7bcee00000 size 9637888
autodl-container-b4b04ea4f2-de57e8b8:7530:7641 [0] NCCL INFO New proxy send connection 2 from local rank 0, transport 1
autodl-container-b4b04ea4f2-de57e8b8:7530:7530 [0] NCCL INFO Connected to proxy localRank 0 -> connection 0x7f7b940050b0
autodl-container-b4b04ea4f2-de57e8b8:7531:7640 [1] NCCL INFO CUMEM allocated shareable buffer 0x7f7c1ba00000 size 4096
autodl-container-b4b04ea4f2-de57e8b8:7531:7531 [1] NCCL INFO Channel 01 : 1[1] -> 0[0] via SHM/direct/direct
autodl-container-b4b04ea4f2-de57e8b8:7530:7641 [0] NCCL INFO CUMEM allocated shareable buffer 0x7f7bcf800000 size 4096
autodl-container-b4b04ea4f2-de57e8b8:7530:7530 [0] NCCL INFO Channel 00 : 0[0] -> 1[1] via SHM/direct/direct
autodl-container-b4b04ea4f2-de57e8b8:7530:7641 [0] NCCL INFO New proxy send connection 3 from local rank 0, transport 1
autodl-container-b4b04ea4f2-de57e8b8:7530:7530 [0] NCCL INFO Connected to proxy localRank 0 -> connection 0x7f7b94005138
autodl-container-b4b04ea4f2-de57e8b8:7530:7641 [0] NCCL INFO CUMEM allocated shareable buffer 0x7f7bcfa00000 size 4096
autodl-container-b4b04ea4f2-de57e8b8:7530:7530 [0] NCCL INFO Channel 01 : 0[0] -> 1[1] via SHM/direct/direct
autodl-container-b4b04ea4f2-de57e8b8:7530:7641 [0] NCCL INFO New proxy send connection 4 from local rank 1, transport 0
autodl-container-b4b04ea4f2-de57e8b8:7531:7531 [1] NCCL INFO Connected to proxy localRank 0 -> connection 0x7f7b940051c0
autodl-container-b4b04ea4f2-de57e8b8:7531:7640 [1] NCCL INFO New proxy send connection 4 from local rank 0, transport 0
autodl-container-b4b04ea4f2-de57e8b8:7530:7530 [0] NCCL INFO Connected to proxy localRank 1 -> connection 0x7f7be00051c0
autodl-container-b4b04ea4f2-de57e8b8:7531:7531 [1] NCCL INFO CUMEM imported shareable host buffer from proxyRank 0 size 9637888 ptr 0x7f7c1bc00000, granularity 2097152
autodl-container-b4b04ea4f2-de57e8b8:7530:7530 [0] NCCL INFO CUMEM imported shareable host buffer from proxyRank 1 size 9637888 ptr 0x7f7bcfc00000, granularity 2097152
autodl-container-b4b04ea4f2-de57e8b8:7531:7531 [1] NCCL INFO CUMEM imported shareable host buffer from proxyRank 0 size 4096 ptr 0x7f7c1c600000, granularity 2097152
autodl-container-b4b04ea4f2-de57e8b8:7530:7530 [0] NCCL INFO CUMEM imported shareable host buffer from proxyRank 1 size 4096 ptr 0x7f7bd0600000, granularity 2097152
autodl-container-b4b04ea4f2-de57e8b8:7531:7531 [1] NCCL INFO CUMEM imported shareable host buffer from proxyRank 0 size 9637888 ptr 0x7f7c1c800000, granularity 2097152
autodl-container-b4b04ea4f2-de57e8b8:7530:7530 [0] NCCL INFO CUMEM imported shareable host buffer from proxyRank 1 size 9637888 ptr 0x7f7bd0800000, granularity 2097152
autodl-container-b4b04ea4f2-de57e8b8:7531:7531 [1] NCCL INFO CUMEM imported shareable host buffer from proxyRank 0 size 4096 ptr 0x7f7c1d200000, granularity 2097152
autodl-container-b4b04ea4f2-de57e8b8:7530:7530 [0] NCCL INFO CUMEM imported shareable host buffer from proxyRank 1 size 4096 ptr 0x7f7bd1200000, granularity 2097152
autodl-container-b4b04ea4f2-de57e8b8:7531:7531 [1] NCCL INFO Connected all rings, use ring PXN 0 GDR 1
autodl-container-b4b04ea4f2-de57e8b8:7530:7530 [0] NCCL INFO Connected all rings, use ring PXN 0 GDR 1
PASS rank=1, GPU=1, result=[3.0, 3.0, 3.0, 3.0]
PASS rank=0, GPU=0, result=[3.0, 3.0, 3.0, 3.0]
autodl-container-b4b04ea4f2-de57e8b8:7531:7531 [1] NCCL INFO comm 0xa47b070 rank 1 nranks 2 cudaDev 1 busId e1000 - Destroy COMPLETE
autodl-container-b4b04ea4f2-de57e8b8:7530:7530 [0] NCCL INFO comm 0xac68810 rank 0 nranks 2 cudaDev 0 busId 1000 - Destroy COMPLETE
autodl-container-b4b04ea4f2-de57e8b8:7531:7531 [1] NCCL INFO ENV/Plugin: Closing env plugin ncclEnvDefault
autodl-container-b4b04ea4f2-de57e8b8:7530:7530 [0] NCCL INFO ENV/Plugin: Closing env plugin ncclEnvDefault
